MIF/HEX Update report for ep16
Tue Dec 29 17:50:38 2020
Quartus Prime Version 18.1.0 Build 625 09/12/2018 SJ Lite Edition


---------------------
; Table of Contents ;
---------------------
  1. Legal Notice
  2. MIF/HEX Update Summary
  3. MIF/HEX Update Processed Files
  4. MIF/HEX Update Messages



----------------
; Legal Notice ;
----------------
Copyright (C) 2018  Intel Corporation. All rights reserved.
Your use of Intel Corporation's design tools, logic functions 
and other software and tools, and its AMPP partner logic 
functions, and any output files from any of the foregoing 
(including device programming or simulation files), and any 
associated documentation or information are expressly subject 
to the terms and conditions of the Intel Program License 
Subscription Agreement, the Intel Quartus Prime License Agreement,
the Intel FPGA IP License Agreement, or other applicable license
agreement, including, without limitation, that your use is for
the sole purpose of programming logic devices manufactured by
Intel and sold by Intel or its authorized distributors.  Please
refer to the applicable agreement for further details.



+---------------------------------------------------------------+
; MIF/HEX Update Summary                                        ;
+-----------------------+---------------------------------------+
; MIF/HEX Update Status ; Successful - Tue Dec 29 17:50:38 2020 ;
; Revision Name         ; ep16                                  ;
; Top-level Entity Name ; ep16_chip                             ;
; Family                ; Cyclone IV E                          ;
; Device                ; EP4CE6E22C8                           ;
+-----------------------+---------------------------------------+


+---------------------------------------+
; MIF/HEX Update Processed Files        ;
+---------------------------------------+
; File Name                             ;
+---------------------------------------+
; C:/Users/Demom/Documents/eP16/mem.mif ;
+---------------------------------------+


+-------------------------+
; MIF/HEX Update Messages ;
+-------------------------+
Info: *******************************************************************
Info: Running Quartus Prime MIF/HEX Update
    Info: Version 18.1.0 Build 625 09/12/2018 SJ Lite Edition
    Info: Processing started: Tue Dec 29 17:50:32 2020
Info: Command: quartus_cdb ep16 -c ep16 --update_mif
Warning (18236): Number of processors has not been specified which may cause overloading on shared machines.  Set the global assignment NUM_PARALLEL_PROCESSORS in your QSF to an appropriate value for best performance.
Warning (113028): 2030 out of 4096 addresses are uninitialized. The Quartus Prime software will initialize them to "0". There are 23 warnings found, and 10 warnings are reported. File: C:/Users/Demom/Documents/eP16/mem.mif Line: 1
    Warning (113027): Addresses ranging from 1 to 3 are not initialized File: C:/Users/Demom/Documents/eP16/mem.mif Line: 1
    Warning (113027): Addresses ranging from 5 to 35 are not initialized File: C:/Users/Demom/Documents/eP16/mem.mif Line: 1
    Warning (113027): Addresses ranging from 43 to 44 are not initialized File: C:/Users/Demom/Documents/eP16/mem.mif Line: 1
    Warning (113027): Addresses ranging from 46 to 256 are not initialized File: C:/Users/Demom/Documents/eP16/mem.mif Line: 1
    Warning (113026): Memory Initialization File Address 455 is not initialized File: C:/Users/Demom/Documents/eP16/mem.mif Line: 1
    Warning (113026): Memory Initialization File Address 508 is not initialized File: C:/Users/Demom/Documents/eP16/mem.mif Line: 1
    Warning (113026): Memory Initialization File Address 645 is not initialized File: C:/Users/Demom/Documents/eP16/mem.mif Line: 1
    Warning (113026): Memory Initialization File Address 649 is not initialized File: C:/Users/Demom/Documents/eP16/mem.mif Line: 1
    Warning (113026): Memory Initialization File Address 701 is not initialized File: C:/Users/Demom/Documents/eP16/mem.mif Line: 1
    Warning (113026): Memory Initialization File Address 821 is not initialized File: C:/Users/Demom/Documents/eP16/mem.mif Line: 1
Info (39024): Processed the following Memory Initialization File(s)
    Info (39025): Processed Memory Initialization File C:/Users/Demom/Documents/eP16/mem.mif File: C:/Users/Demom/Documents/eP16/mem.mif Line: 0
Info: Quartus Prime MIF/HEX Update was successful. 0 errors, 12 warnings
    Info: Peak virtual memory: 4716 megabytes
    Info: Processing ended: Tue Dec 29 17:50:38 2020
    Info: Elapsed time: 00:00:06
    Info: Total CPU time (on all processors): 00:00:01


